// Jest Snapshot v1, https://goo.gl/fbAQLP

exports[`Location component renders Location 1`] = `
<span>
  <h4>
    location
  </h4>
  <h5>
    6
  </h5>
</span>
`;
