// Jest Snapshot v1, https://goo.gl/fbAQLP

exports[`Locations component renders Locations 1`] = `
<ul>
  <li
    key="Portland"
  >
    <Location
      location="Portland"
    />
  </li>
</ul>
`;
