// Jest Snapshot v1, https://goo.gl/fbAQLP

exports[`LocationDetail component renders LocationDetail 1`] = `
<h5>
  6
</h5>
`;
